<?xml version="1.0" encoding="UTF-8"?>
<TestRun id="082298ed-7983-444e-858f-48d4f241e332" name="cpn@WS-CPN 2015-12-11 16:45:34" runUser="LAN\cpn" xmlns="http://microsoft.com/schemas/VisualStudio/TeamTest/2010">
  <TestSettings name="Параметры тестирования по умолчанию" id="f5a4c5ab-50c4-4e2a-bc3d-d050e3c5f957">
    <Deployment runDeploymentRoot="cpn_WS-CPN 2015-12-11 16_45_34">
      <DeploymentItem filename="C:\Documents and Settings\user\Рабочий стол\1\1\NaftanRailway\NaftanRailway\NaftanRailway\packages\Microsoft.AspNet.WebApi.Client.4.0.20710.0\lib\net40\System.Net.Http.Formatting.dll" />
      <DeploymentItem filename="C:\Documents and Settings\user\Рабочий стол\1\1\NaftanRailway\NaftanRailway\NaftanRailway\packages\Microsoft.Web.Infrastructure.1.0.0.0\lib\net40\Microsoft.Web.Infrastructure.dll" />
      <DeploymentItem filename="C:\Documents and Settings\user\Рабочий стол\1\1\NaftanRailway\NaftanRailway\NaftanRailway\packages\Microsoft.AspNet.WebPages.2.0.30506.0\lib\net40\System.Web.WebPages.Razor.dll" />
      <DeploymentItem filename="C:\Documents and Settings\user\Рабочий стол\1\1\NaftanRailway\NaftanRailway\NaftanRailway\packages\Microsoft.AspNet.Mvc.4.0.40804.0\lib\net40\System.Web.Mvc.dll" />
      <DeploymentItem filename="C:\Documents and Settings\user\Рабочий стол\1\1\NaftanRailway\NaftanRailway\NaftanRailway\packages\WebActivatorEx.2.0\lib\net40\WebActivatorEx.dll" />
      <DeploymentItem filename="C:\Documents and Settings\user\Рабочий стол\1\1\NaftanRailway\NaftanRailway\NaftanRailway\packages\Microsoft.AspNet.WebApi.WebHost.4.0.20710.0\lib\net40\System.Web.Http.WebHost.dll" />
      <DeploymentItem filename="C:\Documents and Settings\user\Рабочий стол\1\1\NaftanRailway\NaftanRailway\NaftanRailway\NaftanRailway.Domain\bin\Release\NaftanRailway.Domain.dll" />
      <DeploymentItem filename="C:\Documents and Settings\user\Рабочий стол\1\1\NaftanRailway\NaftanRailway\NaftanRailway\packages\Microsoft.AspNet.WebPages.2.0.30506.0\lib\net40\System.Web.WebPages.Deployment.dll" />
      <DeploymentItem filename="C:\Documents and Settings\user\Рабочий стол\1\1\NaftanRailway\NaftanRailway\NaftanRailway\packages\Moq.4.2.1507.0118\lib\net40\Moq.dll" />
      <DeploymentItem filename="C:\Documents and Settings\user\Рабочий стол\1\1\NaftanRailway\NaftanRailway\NaftanRailway\packages\Ninject.MVC3.3.2.1.0\lib\net40-full\Ninject.Web.Mvc.dll" />
      <DeploymentItem filename="C:\Documents and Settings\user\Рабочий стол\1\1\NaftanRailway\NaftanRailway\NaftanRailway\packages\morelinq.1.1.1\lib\net35\MoreLinq.dll" />
      <DeploymentItem filename="C:\Documents and Settings\user\Рабочий стол\1\1\NaftanRailway\NaftanRailway\NaftanRailway\packages\Microsoft.Net.Http.2.0.20710.0\lib\net40\System.Net.Http.dll" />
      <DeploymentItem filename="C:\Documents and Settings\user\Рабочий стол\1\1\NaftanRailway\NaftanRailway\NaftanRailway\packages\Microsoft.AspNet.WebPages.2.0.30506.0\lib\net40\System.Web.Helpers.dll" />
      <DeploymentItem filename="C:\Documents and Settings\user\Рабочий стол\1\1\NaftanRailway\NaftanRailway\NaftanRailway\packages\Ninject.3.2.2.0\lib\net40\Ninject.dll" />
      <DeploymentItem filename="C:\Documents and Settings\user\Рабочий стол\1\1\NaftanRailway\NaftanRailway\NaftanRailway\NaftanRailway.WebUI\bin\NaftanRailway.WebUI.dll" />
      <DeploymentItem filename="C:\Documents and Settings\user\Рабочий стол\1\1\NaftanRailway\NaftanRailway\NaftanRailway\packages\Ninject.Web.Common.3.2.3.0\lib\net40-full\Ninject.Web.Common.dll" />
      <DeploymentItem filename="C:\Documents and Settings\user\Рабочий стол\1\1\NaftanRailway\NaftanRailway\NaftanRailway\packages\Microsoft.AspNet.WebApi.Core.4.0.20710.0\lib\net40\System.Web.Http.dll" />
      <DeploymentItem filename="C:\Documents and Settings\user\Рабочий стол\1\1\NaftanRailway\NaftanRailway\NaftanRailway\packages\Microsoft.AspNet.WebPages.2.0.30506.0\lib\net40\System.Web.WebPages.dll" />
      <DeploymentItem filename="C:\Documents and Settings\user\Рабочий стол\1\1\NaftanRailway\NaftanRailway\NaftanRailway\packages\Microsoft.Net.Http.2.0.20710.0\lib\net40\System.Net.Http.WebRequest.dll" />
      <DeploymentItem filename="C:\Documents and Settings\user\Рабочий стол\1\1\NaftanRailway\NaftanRailway\NaftanRailway\packages\Microsoft.AspNet.Razor.2.0.30506.0\lib\net40\System.Web.Razor.dll" />
      <DeploymentItem filename="C:\Documents and Settings\user\Рабочий стол\1\1\NaftanRailway\NaftanRailway\NaftanRailway\packages\Newtonsoft.Json.7.0.1\lib\net40\Newtonsoft.Json.dll" />
    </Deployment>
    <Execution>
      <TestTypeSpecific />
      <AgentRule name="Execution Agents">
      </AgentRule>
    </Execution>
  </TestSettings>
  <Times creation="2015-12-11T16:45:34.4774122+03:00" queuing="2015-12-11T16:45:41.1492445+03:00" start="2015-12-11T16:45:41.7273658+03:00" finish="2015-12-11T16:45:44.8992205+03:00" />
  <ResultSummary outcome="Failed">
    <Counters total="31" executed="31" passed="28" error="0" failed="3" timeout="0" aborted="0" inconclusive="0" passedButRunAborted="0" notRunnable="0" notExecuted="0" disconnected="0" warning="0" completed="0" inProgress="0" pending="0" />
    <RunInfos>
      <RunInfo computerName="WS-CPN" outcome="Warning" timestamp="2015-12-11T16:45:41.1023698+03:00">
        <Text>Предупреждение! Ошибка развертывания тестового запуска: не найдена сборка или модуль "WebGrease" с прямой или косвенной ссылкой из тестовый контейнер "c:\documents and settings\user\рабочий стол\1\1\naftanrailway\naftanrailway\naftanrailway\naftanrailway.unittest\bin\release\naftanrailway.unittest.dll".</Text>
      </RunInfo>
    </RunInfos>
  </ResultSummary>
  <TestDefinitions>
    <UnitTest name="Can_Login_With_Valid_Credentials" storage="c:\documents and settings\user\рабочий стол\1\1\naftanrailway\naftanrailway\naftanrailway\naftanrailway.unittest\bin\release\naftanrailway.unittest.dll" id="4b56107a-f89c-def6-0e95-87595beb12a7">
      <Execution id="6eaa59e6-70e5-4b98-8632-5185dc41d235" />
      <TestMethod codeBase="C:/Documents and Settings/user/Рабочий стол/1/1/NaftanRailway/NaftanRailway/NaftanRailway/NaftanRailway.UnitTest/bin/Release/NaftanRailway.UnitTest.DLL" adapterTypeName="Microsoft.VisualStudio.TestTools.TestTypes.Unit.UnitTestAdapter, Microsoft.VisualStudio.QualityTools.Tips.UnitTest.Adapter, Version=10.0.0.0, Culture=neutral, PublicKeyToken=b03f5f7f11d50a3a" className="NaftanRailway.UnitTest.Tests.AdminSecurityTests, NaftanRailway.UnitTest, Version=1.0.0.0, Culture=neutral, PublicKeyToken=null" name="Can_Login_With_Valid_Credentials" />
    </UnitTest>
    <UnitTest name="Can_Paginate" storage="c:\documents and settings\user\рабочий стол\1\1\naftanrailway\naftanrailway\naftanrailway\naftanrailway.unittest\bin\release\naftanrailway.unittest.dll" id="2dc0c031-6756-3a33-e603-f273b9de1f20">
      <Execution id="d678722e-e76e-4c52-9486-0f3dcf7c0bd3" />
      <TestMethod codeBase="C:/Documents and Settings/user/Рабочий стол/1/1/NaftanRailway/NaftanRailway/NaftanRailway/NaftanRailway.UnitTest/bin/Release/NaftanRailway.UnitTest.DLL" adapterTypeName="Microsoft.VisualStudio.TestTools.TestTypes.Unit.UnitTestAdapter, Microsoft.VisualStudio.QualityTools.Tips.UnitTest.Adapter, Version=10.0.0.0, Culture=neutral, PublicKeyToken=b03f5f7f11d50a3a" className="NaftanRailway.UnitTest.Tests.PaginationTest, NaftanRailway.UnitTest, Version=1.0.0.0, Culture=neutral, PublicKeyToken=null" name="Can_Paginate" />
    </UnitTest>
    <UnitTest name="FilterByDate" storage="c:\documents and settings\user\рабочий стол\1\1\naftanrailway\naftanrailway\naftanrailway\naftanrailway.unittest\bin\release\naftanrailway.unittest.dll" id="46edb262-d94b-812e-33fc-b63f3b3809d8">
      <Execution id="15a7a5b5-ea4d-4960-8a2c-d9bb74605eb8" />
      <TestMethod codeBase="C:/Documents and Settings/user/Рабочий стол/1/1/NaftanRailway/NaftanRailway/NaftanRailway/NaftanRailway.UnitTest/bin/Release/NaftanRailway.UnitTest.DLL" adapterTypeName="Microsoft.VisualStudio.TestTools.TestTypes.Unit.UnitTestAdapter, Microsoft.VisualStudio.QualityTools.Tips.UnitTest.Adapter, Version=10.0.0.0, Culture=neutral, PublicKeyToken=b03f5f7f11d50a3a" className="NaftanRailway.UnitTest.Tests.FilteringTests, NaftanRailway.UnitTest, Version=1.0.0.0, Culture=neutral, PublicKeyToken=null" name="FilterByDate" />
    </UnitTest>
    <UnitTest name="Remove_Line" storage="c:\documents and settings\user\рабочий стол\1\1\naftanrailway\naftanrailway\naftanrailway\naftanrailway.unittest\bin\release\naftanrailway.unittest.dll" id="57521b55-f446-6cd1-938d-ba5a81a4fb4e">
      <Execution id="f83532a5-2ab5-4464-a9eb-bf3d8a35cc28" />
      <TestMethod codeBase="C:/Documents and Settings/user/Рабочий стол/1/1/NaftanRailway/NaftanRailway/NaftanRailway/NaftanRailway.UnitTest/bin/Release/NaftanRailway.UnitTest.DLL" adapterTypeName="Microsoft.VisualStudio.TestTools.TestTypes.Unit.UnitTestAdapter, Microsoft.VisualStudio.QualityTools.Tips.UnitTest.Adapter, Version=10.0.0.0, Culture=neutral, PublicKeyToken=b03f5f7f11d50a3a" className="NaftanRailway.UnitTest.Tests.SessionStorageTests, NaftanRailway.UnitTest, Version=1.0.0.0, Culture=neutral, PublicKeyToken=null" name="Remove_Line" />
    </UnitTest>
    <UnitTest name="DeleteUser" storage="c:\documents and settings\user\рабочий стол\1\1\naftanrailway\naftanrailway\naftanrailway\naftanrailway.unittest\bin\release\naftanrailway.unittest.dll" id="40816b71-68b4-5d6c-6b8a-5734b995fe5e">
      <Execution id="cec8e81e-962b-4cdd-add8-986046bd5642" />
      <TestMethod codeBase="C:/Documents and Settings/user/Рабочий стол/1/1/NaftanRailway/NaftanRailway/NaftanRailway/NaftanRailway.UnitTest/bin/Release/NaftanRailway.UnitTest.DLL" adapterTypeName="Microsoft.VisualStudio.TestTools.TestTypes.Unit.UnitTestAdapter, Microsoft.VisualStudio.QualityTools.Tips.UnitTest.Adapter, Version=10.0.0.0, Culture=neutral, PublicKeyToken=b03f5f7f11d50a3a" className="NaftanRailway.UnitTest.Tests.AdminSecurityTests, NaftanRailway.UnitTest, Version=1.0.0.0, Culture=neutral, PublicKeyToken=null" name="DeleteUser" />
    </UnitTest>
    <UnitTest name="Edit_Post" storage="c:\documents and settings\user\рабочий стол\1\1\naftanrailway\naftanrailway\naftanrailway\naftanrailway.unittest\bin\release\naftanrailway.unittest.dll" id="ebd1bbc9-d3f7-6d55-b3cf-4162e49dadb0">
      <Execution id="a8a62418-a79d-4860-8f71-151e5da2e0f7" />
      <TestMethod codeBase="C:/Documents and Settings/user/Рабочий стол/1/1/NaftanRailway/NaftanRailway/NaftanRailway/NaftanRailway.UnitTest/bin/Release/NaftanRailway.UnitTest.DLL" adapterTypeName="Microsoft.VisualStudio.TestTools.TestTypes.Unit.UnitTestAdapter, Microsoft.VisualStudio.QualityTools.Tips.UnitTest.Adapter, Version=10.0.0.0, Culture=neutral, PublicKeyToken=b03f5f7f11d50a3a" className="NaftanRailway.UnitTest.Tests.SessionStorageTests, NaftanRailway.UnitTest, Version=1.0.0.0, Culture=neutral, PublicKeyToken=null" name="Edit_Post" />
    </UnitTest>
    <UnitTest name="StorageController_Add_New_Lines" storage="c:\documents and settings\user\рабочий стол\1\1\naftanrailway\naftanrailway\naftanrailway\naftanrailway.unittest\bin\release\naftanrailway.unittest.dll" id="c8f31ecc-3d68-7a6e-51d5-a0e36beda29c">
      <Execution id="5f5f3730-4317-4b72-9950-68fe835f4b0e" />
      <TestMethod codeBase="C:/Documents and Settings/user/Рабочий стол/1/1/NaftanRailway/NaftanRailway/NaftanRailway/NaftanRailway.UnitTest/bin/Release/NaftanRailway.UnitTest.DLL" adapterTypeName="Microsoft.VisualStudio.TestTools.TestTypes.Unit.UnitTestAdapter, Microsoft.VisualStudio.QualityTools.Tips.UnitTest.Adapter, Version=10.0.0.0, Culture=neutral, PublicKeyToken=b03f5f7f11d50a3a" className="NaftanRailway.UnitTest.Tests.SessionStorageTests, NaftanRailway.UnitTest, Version=1.0.0.0, Culture=neutral, PublicKeyToken=null" name="StorageController_Add_New_Lines" />
    </UnitTest>
    <UnitTest name="GenerateFilterDate" storage="c:\documents and settings\user\рабочий стол\1\1\naftanrailway\naftanrailway\naftanrailway\naftanrailway.unittest\bin\release\naftanrailway.unittest.dll" id="9de6179a-2421-2df9-3d87-87e30f14865a">
      <Execution id="d0e30ca8-934b-4a0a-a7f7-4961a610de24" />
      <TestMethod codeBase="C:/Documents and Settings/user/Рабочий стол/1/1/NaftanRailway/NaftanRailway/NaftanRailway/NaftanRailway.UnitTest/bin/Release/NaftanRailway.UnitTest.DLL" adapterTypeName="Microsoft.VisualStudio.TestTools.TestTypes.Unit.UnitTestAdapter, Microsoft.VisualStudio.QualityTools.Tips.UnitTest.Adapter, Version=10.0.0.0, Culture=neutral, PublicKeyToken=b03f5f7f11d50a3a" className="NaftanRailway.UnitTest.Tests.FilteringTests, NaftanRailway.UnitTest, Version=1.0.0.0, Culture=neutral, PublicKeyToken=null" name="GenerateFilterDate" />
    </UnitTest>
    <UnitTest name="Logout" storage="c:\documents and settings\user\рабочий стол\1\1\naftanrailway\naftanrailway\naftanrailway\naftanrailway.unittest\bin\release\naftanrailway.unittest.dll" id="9313acb3-e3eb-a552-445a-cb15b0e2a581">
      <Execution id="44b62b14-4953-4f58-89dd-eb119fa1f887" />
      <TestMethod codeBase="C:/Documents and Settings/user/Рабочий стол/1/1/NaftanRailway/NaftanRailway/NaftanRailway/NaftanRailway.UnitTest/bin/Release/NaftanRailway.UnitTest.DLL" adapterTypeName="Microsoft.VisualStudio.TestTools.TestTypes.Unit.UnitTestAdapter, Microsoft.VisualStudio.QualityTools.Tips.UnitTest.Adapter, Version=10.0.0.0, Culture=neutral, PublicKeyToken=b03f5f7f11d50a3a" className="NaftanRailway.UnitTest.Tests.AdminSecurityTests, NaftanRailway.UnitTest, Version=1.0.0.0, Culture=neutral, PublicKeyToken=null" name="Logout" />
    </UnitTest>
    <UnitTest name="Cannot_Login_With_Invalid_Credentials" storage="c:\documents and settings\user\рабочий стол\1\1\naftanrailway\naftanrailway\naftanrailway\naftanrailway.unittest\bin\release\naftanrailway.unittest.dll" id="0c5ee4a4-1b10-3b59-3b24-f8cf406f718f">
      <Execution id="f18bb40f-bda7-40b4-9f6a-90fbef98c5b0" />
      <TestMethod codeBase="C:/Documents and Settings/user/Рабочий стол/1/1/NaftanRailway/NaftanRailway/NaftanRailway/NaftanRailway.UnitTest/bin/Release/NaftanRailway.UnitTest.DLL" adapterTypeName="Microsoft.VisualStudio.TestTools.TestTypes.Unit.UnitTestAdapter, Microsoft.VisualStudio.QualityTools.Tips.UnitTest.Adapter, Version=10.0.0.0, Culture=neutral, PublicKeyToken=b03f5f7f11d50a3a" className="NaftanRailway.UnitTest.Tests.AdminSecurityTests, NaftanRailway.UnitTest, Version=1.0.0.0, Culture=neutral, PublicKeyToken=null" name="Cannot_Login_With_Invalid_Credentials" />
    </UnitTest>
    <UnitTest name="Pagination_Dinamic_Calculation" storage="c:\documents and settings\user\рабочий стол\1\1\naftanrailway\naftanrailway\naftanrailway\naftanrailway.unittest\bin\release\naftanrailway.unittest.dll" id="1e5a77fc-9bc3-3877-016a-aeea0ef8256f">
      <Execution id="ffc0a60d-faa7-43c1-add8-440d261a3b53" />
      <TestMethod codeBase="C:/Documents and Settings/user/Рабочий стол/1/1/NaftanRailway/NaftanRailway/NaftanRailway/NaftanRailway.UnitTest/bin/Release/NaftanRailway.UnitTest.DLL" adapterTypeName="Microsoft.VisualStudio.TestTools.TestTypes.Unit.UnitTestAdapter, Microsoft.VisualStudio.QualityTools.Tips.UnitTest.Adapter, Version=10.0.0.0, Culture=neutral, PublicKeyToken=b03f5f7f11d50a3a" className="NaftanRailway.UnitTest.Tests.PaginationTest, NaftanRailway.UnitTest, Version=1.0.0.0, Culture=neutral, PublicKeyToken=null" name="Pagination_Dinamic_Calculation" />
    </UnitTest>
    <UnitTest name="Can_Render_Report" storage="c:\documents and settings\user\рабочий стол\1\1\naftanrailway\naftanrailway\naftanrailway\naftanrailway.unittest\bin\release\naftanrailway.unittest.dll" id="a12e8fb3-d8ec-9963-ebde-344fe77d69ca">
      <Execution id="b082060a-2ae2-455b-8f9a-50c532c185d2" />
      <TestMethod codeBase="C:/Documents and Settings/user/Рабочий стол/1/1/NaftanRailway/NaftanRailway/NaftanRailway/NaftanRailway.UnitTest/bin/Release/NaftanRailway.UnitTest.DLL" adapterTypeName="Microsoft.VisualStudio.TestTools.TestTypes.Unit.UnitTestAdapter, Microsoft.VisualStudio.QualityTools.Tips.UnitTest.Adapter, Version=10.0.0.0, Culture=neutral, PublicKeyToken=b03f5f7f11d50a3a" className="NaftanRailway.UnitTest.Tests.ReportTests, NaftanRailway.UnitTest, Version=1.0.0.0, Culture=neutral, PublicKeyToken=null" name="Can_Render_Report" />
    </UnitTest>
    <UnitTest name="ChangePassword" storage="c:\documents and settings\user\рабочий стол\1\1\naftanrailway\naftanrailway\naftanrailway\naftanrailway.unittest\bin\release\naftanrailway.unittest.dll" id="b63e62ac-1cc6-139d-ebbb-bb82182c60c6">
      <Execution id="ca295238-1f54-4de0-968a-ca41c139cb42" />
      <TestMethod codeBase="C:/Documents and Settings/user/Рабочий стол/1/1/NaftanRailway/NaftanRailway/NaftanRailway/NaftanRailway.UnitTest/bin/Release/NaftanRailway.UnitTest.DLL" adapterTypeName="Microsoft.VisualStudio.TestTools.TestTypes.Unit.UnitTestAdapter, Microsoft.VisualStudio.QualityTools.Tips.UnitTest.Adapter, Version=10.0.0.0, Culture=neutral, PublicKeyToken=b03f5f7f11d50a3a" className="NaftanRailway.UnitTest.Tests.AdminSecurityTests, NaftanRailway.UnitTest, Version=1.0.0.0, Culture=neutral, PublicKeyToken=null" name="ChangePassword" />
    </UnitTest>
    <UnitTest name="FilterShippingNumber" storage="c:\documents and settings\user\рабочий стол\1\1\naftanrailway\naftanrailway\naftanrailway\naftanrailway.unittest\bin\release\naftanrailway.unittest.dll" id="7fd6b53c-d1f1-6438-f3ff-81fa9832251d">
      <Execution id="6213e238-666f-492a-96ef-4788798f14a5" />
      <TestMethod codeBase="C:/Documents and Settings/user/Рабочий стол/1/1/NaftanRailway/NaftanRailway/NaftanRailway/NaftanRailway.UnitTest/bin/Release/NaftanRailway.UnitTest.DLL" adapterTypeName="Microsoft.VisualStudio.TestTools.TestTypes.Unit.UnitTestAdapter, Microsoft.VisualStudio.QualityTools.Tips.UnitTest.Adapter, Version=10.0.0.0, Culture=neutral, PublicKeyToken=b03f5f7f11d50a3a" className="NaftanRailway.UnitTest.Tests.FilteringTests, NaftanRailway.UnitTest, Version=1.0.0.0, Culture=neutral, PublicKeyToken=null" name="FilterShippingNumber" />
    </UnitTest>
    <UnitTest name="Can_View_SessionStorageContent_Contents" storage="c:\documents and settings\user\рабочий стол\1\1\naftanrailway\naftanrailway\naftanrailway\naftanrailway.unittest\bin\release\naftanrailway.unittest.dll" id="6d72a000-e903-5eca-d336-c200c4de939e">
      <Execution id="d80b8de6-763f-4ddb-a89c-c17a4cbbec5a" />
      <TestMethod codeBase="C:/Documents and Settings/user/Рабочий стол/1/1/NaftanRailway/NaftanRailway/NaftanRailway/NaftanRailway.UnitTest/bin/Release/NaftanRailway.UnitTest.DLL" adapterTypeName="Microsoft.VisualStudio.TestTools.TestTypes.Unit.UnitTestAdapter, Microsoft.VisualStudio.QualityTools.Tips.UnitTest.Adapter, Version=10.0.0.0, Culture=neutral, PublicKeyToken=b03f5f7f11d50a3a" className="NaftanRailway.UnitTest.Tests.SessionStorageTests, NaftanRailway.UnitTest, Version=1.0.0.0, Culture=neutral, PublicKeyToken=null" name="Can_View_SessionStorageContent_Contents" />
    </UnitTest>
    <UnitTest name="Indicates_Selected_Category" storage="c:\documents and settings\user\рабочий стол\1\1\naftanrailway\naftanrailway\naftanrailway\naftanrailway.unittest\bin\release\naftanrailway.unittest.dll" id="e4ce9011-ebad-5d7d-cf59-b8a9e7d0a211">
      <Execution id="d2691a61-083b-4953-9bd1-31b38ef8d343" />
      <TestMethod codeBase="C:/Documents and Settings/user/Рабочий стол/1/1/NaftanRailway/NaftanRailway/NaftanRailway/NaftanRailway.UnitTest/bin/Release/NaftanRailway.UnitTest.DLL" adapterTypeName="Microsoft.VisualStudio.TestTools.TestTypes.Unit.UnitTestAdapter, Microsoft.VisualStudio.QualityTools.Tips.UnitTest.Adapter, Version=10.0.0.0, Culture=neutral, PublicKeyToken=b03f5f7f11d50a3a" className="NaftanRailway.UnitTest.Tests.NavigationTests, NaftanRailway.UnitTest, Version=1.0.0.0, Culture=neutral, PublicKeyToken=null" name="Indicates_Selected_Category" />
    </UnitTest>
    <UnitTest name="LeftOuterJoin" storage="c:\documents and settings\user\рабочий стол\1\1\naftanrailway\naftanrailway\naftanrailway\naftanrailway.unittest\bin\release\naftanrailway.unittest.dll" id="22c967dc-77c2-504c-1939-8aa38f9b6a8c">
      <Execution id="e78c3aec-ed26-41be-8cae-ed4fd48b850f" />
      <TestMethod codeBase="C:/Documents and Settings/user/Рабочий стол/1/1/NaftanRailway/NaftanRailway/NaftanRailway/NaftanRailway.UnitTest/bin/Release/NaftanRailway.UnitTest.DLL" adapterTypeName="Microsoft.VisualStudio.TestTools.TestTypes.Unit.UnitTestAdapter, Microsoft.VisualStudio.QualityTools.Tips.UnitTest.Adapter, Version=10.0.0.0, Culture=neutral, PublicKeyToken=b03f5f7f11d50a3a" className="NaftanRailway.UnitTest.Tests.LinqTests, NaftanRailway.UnitTest, Version=1.0.0.0, Culture=neutral, PublicKeyToken=null" name="LeftOuterJoin" />
    </UnitTest>
    <UnitTest name="Generate_Category_Specific_Shipping_Count" storage="c:\documents and settings\user\рабочий стол\1\1\naftanrailway\naftanrailway\naftanrailway\naftanrailway.unittest\bin\release\naftanrailway.unittest.dll" id="d93f9376-86f9-e90b-df0d-92a619549f2d">
      <Execution id="284ffe7b-643d-4225-b644-4e97a4796bf1" />
      <TestMethod codeBase="C:/Documents and Settings/user/Рабочий стол/1/1/NaftanRailway/NaftanRailway/NaftanRailway/NaftanRailway.UnitTest/bin/Release/NaftanRailway.UnitTest.DLL" adapterTypeName="Microsoft.VisualStudio.TestTools.TestTypes.Unit.UnitTestAdapter, Microsoft.VisualStudio.QualityTools.Tips.UnitTest.Adapter, Version=10.0.0.0, Culture=neutral, PublicKeyToken=b03f5f7f11d50a3a" className="NaftanRailway.UnitTest.Tests.PaginationTest, NaftanRailway.UnitTest, Version=1.0.0.0, Culture=neutral, PublicKeyToken=null" name="Generate_Category_Specific_Shipping_Count" />
    </UnitTest>
    <UnitTest name="Can_Generate_Page_Links" storage="c:\documents and settings\user\рабочий стол\1\1\naftanrailway\naftanrailway\naftanrailway\naftanrailway.unittest\bin\release\naftanrailway.unittest.dll" id="d84c2e1b-735c-26dc-8a6f-c0ab2500e43d">
      <Execution id="bd815d08-34b3-47ff-bfff-15428cbd5826" />
      <TestMethod codeBase="C:/Documents and Settings/user/Рабочий стол/1/1/NaftanRailway/NaftanRailway/NaftanRailway/NaftanRailway.UnitTest/bin/Release/NaftanRailway.UnitTest.DLL" adapterTypeName="Microsoft.VisualStudio.TestTools.TestTypes.Unit.UnitTestAdapter, Microsoft.VisualStudio.QualityTools.Tips.UnitTest.Adapter, Version=10.0.0.0, Culture=neutral, PublicKeyToken=b03f5f7f11d50a3a" className="NaftanRailway.UnitTest.Tests.PaginationTest, NaftanRailway.UnitTest, Version=1.0.0.0, Culture=neutral, PublicKeyToken=null" name="Can_Generate_Page_Links" />
    </UnitTest>
    <UnitTest name="Date_Numbers_Menu" storage="c:\documents and settings\user\рабочий стол\1\1\naftanrailway\naftanrailway\naftanrailway\naftanrailway.unittest\bin\release\naftanrailway.unittest.dll" id="eb60d43c-4d81-dd95-84c2-86ad1500d8cd">
      <Execution id="71549a9b-5d2c-4f1d-8cef-63c19f8d1b22" />
      <TestMethod codeBase="C:/Documents and Settings/user/Рабочий стол/1/1/NaftanRailway/NaftanRailway/NaftanRailway/NaftanRailway.UnitTest/bin/Release/NaftanRailway.UnitTest.DLL" adapterTypeName="Microsoft.VisualStudio.TestTools.TestTypes.Unit.UnitTestAdapter, Microsoft.VisualStudio.QualityTools.Tips.UnitTest.Adapter, Version=10.0.0.0, Culture=neutral, PublicKeyToken=b03f5f7f11d50a3a" className="NaftanRailway.UnitTest.Tests.NavigationTests, NaftanRailway.UnitTest, Version=1.0.0.0, Culture=neutral, PublicKeyToken=null" name="Date_Numbers_Menu" />
    </UnitTest>
    <UnitTest name="Autocomplete" storage="c:\documents and settings\user\рабочий стол\1\1\naftanrailway\naftanrailway\naftanrailway\naftanrailway.unittest\bin\release\naftanrailway.unittest.dll" id="28e1f2e9-4777-42a7-2f36-2229357bc3d8">
      <Execution id="f4e78de2-cefc-44f2-a9e9-35b982ff2834" />
      <TestMethod codeBase="C:/Documents and Settings/user/Рабочий стол/1/1/NaftanRailway/NaftanRailway/NaftanRailway/NaftanRailway.UnitTest/bin/Release/NaftanRailway.UnitTest.DLL" adapterTypeName="Microsoft.VisualStudio.TestTools.TestTypes.Unit.UnitTestAdapter, Microsoft.VisualStudio.QualityTools.Tips.UnitTest.Adapter, Version=10.0.0.0, Culture=neutral, PublicKeyToken=b03f5f7f11d50a3a" className="NaftanRailway.UnitTest.Tests.FilteringTests, NaftanRailway.UnitTest, Version=1.0.0.0, Culture=neutral, PublicKeyToken=null" name="Autocomplete" />
    </UnitTest>
    <UnitTest name="Cannot_Render_Empty_Storage" storage="c:\documents and settings\user\рабочий стол\1\1\naftanrailway\naftanrailway\naftanrailway\naftanrailway.unittest\bin\release\naftanrailway.unittest.dll" id="782e652d-e922-f359-9073-cda5999464a2">
      <Execution id="cee98483-bcbc-43c4-b070-b533cc7744bc" />
      <TestMethod codeBase="C:/Documents and Settings/user/Рабочий стол/1/1/NaftanRailway/NaftanRailway/NaftanRailway/NaftanRailway.UnitTest/bin/Release/NaftanRailway.UnitTest.DLL" adapterTypeName="Microsoft.VisualStudio.TestTools.TestTypes.Unit.UnitTestAdapter, Microsoft.VisualStudio.QualityTools.Tips.UnitTest.Adapter, Version=10.0.0.0, Culture=neutral, PublicKeyToken=b03f5f7f11d50a3a" className="NaftanRailway.UnitTest.Tests.ReportTests, NaftanRailway.UnitTest, Version=1.0.0.0, Culture=neutral, PublicKeyToken=null" name="Cannot_Render_Empty_Storage" />
    </UnitTest>
    <UnitTest name="ChangeRole" storage="c:\documents and settings\user\рабочий стол\1\1\naftanrailway\naftanrailway\naftanrailway\naftanrailway.unittest\bin\release\naftanrailway.unittest.dll" id="d229821d-9c2e-705a-779a-10d276b13d6f">
      <Execution id="0e1926da-fe33-49b5-8f94-1ad4e83e7896" />
      <TestMethod codeBase="C:/Documents and Settings/user/Рабочий стол/1/1/NaftanRailway/NaftanRailway/NaftanRailway/NaftanRailway.UnitTest/bin/Release/NaftanRailway.UnitTest.DLL" adapterTypeName="Microsoft.VisualStudio.TestTools.TestTypes.Unit.UnitTestAdapter, Microsoft.VisualStudio.QualityTools.Tips.UnitTest.Adapter, Version=10.0.0.0, Culture=neutral, PublicKeyToken=b03f5f7f11d50a3a" className="NaftanRailway.UnitTest.Tests.AdminSecurityTests, NaftanRailway.UnitTest, Version=1.0.0.0, Culture=neutral, PublicKeyToken=null" name="ChangeRole" />
    </UnitTest>
    <UnitTest name="Can_Edit_StorageLine" storage="c:\documents and settings\user\рабочий стол\1\1\naftanrailway\naftanrailway\naftanrailway\naftanrailway.unittest\bin\release\naftanrailway.unittest.dll" id="f836ec30-cb38-3828-5db6-5770315fafb3">
      <Execution id="2642d170-60d4-4205-a32c-4e37ab4d6c4a" />
      <TestMethod codeBase="C:/Documents and Settings/user/Рабочий стол/1/1/NaftanRailway/NaftanRailway/NaftanRailway/NaftanRailway.UnitTest/bin/Release/NaftanRailway.UnitTest.DLL" adapterTypeName="Microsoft.VisualStudio.TestTools.TestTypes.Unit.UnitTestAdapter, Microsoft.VisualStudio.QualityTools.Tips.UnitTest.Adapter, Version=10.0.0.0, Culture=neutral, PublicKeyToken=b03f5f7f11d50a3a" className="NaftanRailway.UnitTest.Tests.SessionStorageTests, NaftanRailway.UnitTest, Version=1.0.0.0, Culture=neutral, PublicKeyToken=null" name="Can_Edit_StorageLine" />
    </UnitTest>
    <UnitTest name="Clear_Content_Storage" storage="c:\documents and settings\user\рабочий стол\1\1\naftanrailway\naftanrailway\naftanrailway\naftanrailway.unittest\bin\release\naftanrailway.unittest.dll" id="17935485-d416-06b4-e527-da304b28a2e4">
      <Execution id="b4e2ca8d-ff3c-48c7-8728-792cafba51b7" />
      <TestMethod codeBase="C:/Documents and Settings/user/Рабочий стол/1/1/NaftanRailway/NaftanRailway/NaftanRailway/NaftanRailway.UnitTest/bin/Release/NaftanRailway.UnitTest.DLL" adapterTypeName="Microsoft.VisualStudio.TestTools.TestTypes.Unit.UnitTestAdapter, Microsoft.VisualStudio.QualityTools.Tips.UnitTest.Adapter, Version=10.0.0.0, Culture=neutral, PublicKeyToken=b03f5f7f11d50a3a" className="NaftanRailway.UnitTest.Tests.SessionStorageTests, NaftanRailway.UnitTest, Version=1.0.0.0, Culture=neutral, PublicKeyToken=null" name="Clear_Content_Storage" />
    </UnitTest>
    <UnitTest name="Cannot_Edit_Nonexistent_StorageLine" storage="c:\documents and settings\user\рабочий стол\1\1\naftanrailway\naftanrailway\naftanrailway\naftanrailway.unittest\bin\release\naftanrailway.unittest.dll" id="24aee700-f0df-b274-e932-68723af95b0c">
      <Execution id="f308241b-c7e8-4717-883b-42db540d74a9" />
      <TestMethod codeBase="C:/Documents and Settings/user/Рабочий стол/1/1/NaftanRailway/NaftanRailway/NaftanRailway/NaftanRailway.UnitTest/bin/Release/NaftanRailway.UnitTest.DLL" adapterTypeName="Microsoft.VisualStudio.TestTools.TestTypes.Unit.UnitTestAdapter, Microsoft.VisualStudio.QualityTools.Tips.UnitTest.Adapter, Version=10.0.0.0, Culture=neutral, PublicKeyToken=b03f5f7f11d50a3a" className="NaftanRailway.UnitTest.Tests.SessionStorageTests, NaftanRailway.UnitTest, Version=1.0.0.0, Culture=neutral, PublicKeyToken=null" name="Cannot_Edit_Nonexistent_StorageLine" />
    </UnitTest>
    <UnitTest name="FilterCategoryOperations" storage="c:\documents and settings\user\рабочий стол\1\1\naftanrailway\naftanrailway\naftanrailway\naftanrailway.unittest\bin\release\naftanrailway.unittest.dll" id="daf7d646-55c5-caaf-9e3b-413f09e9c48d">
      <Execution id="54c6986c-1b2d-4fbd-ac97-815467973cd0" />
      <TestMethod codeBase="C:/Documents and Settings/user/Рабочий стол/1/1/NaftanRailway/NaftanRailway/NaftanRailway/NaftanRailway.UnitTest/bin/Release/NaftanRailway.UnitTest.DLL" adapterTypeName="Microsoft.VisualStudio.TestTools.TestTypes.Unit.UnitTestAdapter, Microsoft.VisualStudio.QualityTools.Tips.UnitTest.Adapter, Version=10.0.0.0, Culture=neutral, PublicKeyToken=b03f5f7f11d50a3a" className="NaftanRailway.UnitTest.Tests.FilteringTests, NaftanRailway.UnitTest, Version=1.0.0.0, Culture=neutral, PublicKeyToken=null" name="FilterCategoryOperations" />
    </UnitTest>
    <UnitTest name="Can_Send_Pagination_View_Model" storage="c:\documents and settings\user\рабочий стол\1\1\naftanrailway\naftanrailway\naftanrailway\naftanrailway.unittest\bin\release\naftanrailway.unittest.dll" id="92f7474c-225f-05f0-dfa4-ee40fcfa7451">
      <Execution id="6f53a502-9b1f-464c-845b-e69f1bc0f37a" />
      <TestMethod codeBase="C:/Documents and Settings/user/Рабочий стол/1/1/NaftanRailway/NaftanRailway/NaftanRailway/NaftanRailway.UnitTest/bin/Release/NaftanRailway.UnitTest.DLL" adapterTypeName="Microsoft.VisualStudio.TestTools.TestTypes.Unit.UnitTestAdapter, Microsoft.VisualStudio.QualityTools.Tips.UnitTest.Adapter, Version=10.0.0.0, Culture=neutral, PublicKeyToken=b03f5f7f11d50a3a" className="NaftanRailway.UnitTest.Tests.PaginationTest, NaftanRailway.UnitTest, Version=1.0.0.0, Culture=neutral, PublicKeyToken=null" name="Can_Send_Pagination_View_Model" />
    </UnitTest>
    <UnitTest name="Can_Create_Categories" storage="c:\documents and settings\user\рабочий стол\1\1\naftanrailway\naftanrailway\naftanrailway\naftanrailway.unittest\bin\release\naftanrailway.unittest.dll" id="7d73b749-caab-e6d5-4f18-b091b735eaf9">
      <Execution id="4f711486-9b88-478a-a937-eba3bbb87731" />
      <TestMethod codeBase="C:/Documents and Settings/user/Рабочий стол/1/1/NaftanRailway/NaftanRailway/NaftanRailway/NaftanRailway.UnitTest/bin/Release/NaftanRailway.UnitTest.DLL" adapterTypeName="Microsoft.VisualStudio.TestTools.TestTypes.Unit.UnitTestAdapter, Microsoft.VisualStudio.QualityTools.Tips.UnitTest.Adapter, Version=10.0.0.0, Culture=neutral, PublicKeyToken=b03f5f7f11d50a3a" className="NaftanRailway.UnitTest.Tests.NavigationTests, NaftanRailway.UnitTest, Version=1.0.0.0, Culture=neutral, PublicKeyToken=null" name="Can_Create_Categories" />
    </UnitTest>
    <UnitTest name="Register" storage="c:\documents and settings\user\рабочий стол\1\1\naftanrailway\naftanrailway\naftanrailway\naftanrailway.unittest\bin\release\naftanrailway.unittest.dll" id="54b2661e-396e-b4db-e708-cf03ffa6b2e4">
      <Execution id="02fa33a6-3503-47fd-8d3e-bfd8c6aaabb4" />
      <TestMethod codeBase="C:/Documents and Settings/user/Рабочий стол/1/1/NaftanRailway/NaftanRailway/NaftanRailway/NaftanRailway.UnitTest/bin/Release/NaftanRailway.UnitTest.DLL" adapterTypeName="Microsoft.VisualStudio.TestTools.TestTypes.Unit.UnitTestAdapter, Microsoft.VisualStudio.QualityTools.Tips.UnitTest.Adapter, Version=10.0.0.0, Culture=neutral, PublicKeyToken=b03f5f7f11d50a3a" className="NaftanRailway.UnitTest.Tests.AdminSecurityTests, NaftanRailway.UnitTest, Version=1.0.0.0, Culture=neutral, PublicKeyToken=null" name="Register" />
    </UnitTest>
    <UnitTest name="Add_New_Lines" storage="c:\documents and settings\user\рабочий стол\1\1\naftanrailway\naftanrailway\naftanrailway\naftanrailway.unittest\bin\release\naftanrailway.unittest.dll" id="08cf38cc-8a4d-00d1-38c6-764833236ab2">
      <Execution id="945fbec9-185c-4e5f-8334-b6520220281b" />
      <TestMethod codeBase="C:/Documents and Settings/user/Рабочий стол/1/1/NaftanRailway/NaftanRailway/NaftanRailway/NaftanRailway.UnitTest/bin/Release/NaftanRailway.UnitTest.DLL" adapterTypeName="Microsoft.VisualStudio.TestTools.TestTypes.Unit.UnitTestAdapter, Microsoft.VisualStudio.QualityTools.Tips.UnitTest.Adapter, Version=10.0.0.0, Culture=neutral, PublicKeyToken=b03f5f7f11d50a3a" className="NaftanRailway.UnitTest.Tests.SessionStorageTests, NaftanRailway.UnitTest, Version=1.0.0.0, Culture=neutral, PublicKeyToken=null" name="Add_New_Lines" />
    </UnitTest>
  </TestDefinitions>
  <TestLists>
    <TestList name="Отсутствующие в списке результаты" id="8c84fa94-04c1-424b-9868-57a2d4851a1d" />
    <TestList name="Все загруженные результаты" id="19431567-8539-422a-85d7-44ee4e166bda" />
  </TestLists>
  <TestEntries>
    <TestEntry testId="08cf38cc-8a4d-00d1-38c6-764833236ab2" executionId="945fbec9-185c-4e5f-8334-b6520220281b" testListId="8c84fa94-04c1-424b-9868-57a2d4851a1d" />
    <TestEntry testId="0c5ee4a4-1b10-3b59-3b24-f8cf406f718f" executionId="f18bb40f-bda7-40b4-9f6a-90fbef98c5b0" testListId="8c84fa94-04c1-424b-9868-57a2d4851a1d" />
    <TestEntry testId="17935485-d416-06b4-e527-da304b28a2e4" executionId="b4e2ca8d-ff3c-48c7-8728-792cafba51b7" testListId="8c84fa94-04c1-424b-9868-57a2d4851a1d" />
    <TestEntry testId="1e5a77fc-9bc3-3877-016a-aeea0ef8256f" executionId="ffc0a60d-faa7-43c1-add8-440d261a3b53" testListId="8c84fa94-04c1-424b-9868-57a2d4851a1d" />
    <TestEntry testId="22c967dc-77c2-504c-1939-8aa38f9b6a8c" executionId="e78c3aec-ed26-41be-8cae-ed4fd48b850f" testListId="8c84fa94-04c1-424b-9868-57a2d4851a1d" />
    <TestEntry testId="24aee700-f0df-b274-e932-68723af95b0c" executionId="f308241b-c7e8-4717-883b-42db540d74a9" testListId="8c84fa94-04c1-424b-9868-57a2d4851a1d" />
    <TestEntry testId="28e1f2e9-4777-42a7-2f36-2229357bc3d8" executionId="f4e78de2-cefc-44f2-a9e9-35b982ff2834" testListId="8c84fa94-04c1-424b-9868-57a2d4851a1d" />
    <TestEntry testId="2dc0c031-6756-3a33-e603-f273b9de1f20" executionId="d678722e-e76e-4c52-9486-0f3dcf7c0bd3" testListId="8c84fa94-04c1-424b-9868-57a2d4851a1d" />
    <TestEntry testId="40816b71-68b4-5d6c-6b8a-5734b995fe5e" executionId="cec8e81e-962b-4cdd-add8-986046bd5642" testListId="8c84fa94-04c1-424b-9868-57a2d4851a1d" />
    <TestEntry testId="46edb262-d94b-812e-33fc-b63f3b3809d8" executionId="15a7a5b5-ea4d-4960-8a2c-d9bb74605eb8" testListId="8c84fa94-04c1-424b-9868-57a2d4851a1d" />
    <TestEntry testId="4b56107a-f89c-def6-0e95-87595beb12a7" executionId="6eaa59e6-70e5-4b98-8632-5185dc41d235" testListId="8c84fa94-04c1-424b-9868-57a2d4851a1d" />
    <TestEntry testId="54b2661e-396e-b4db-e708-cf03ffa6b2e4" executionId="02fa33a6-3503-47fd-8d3e-bfd8c6aaabb4" testListId="8c84fa94-04c1-424b-9868-57a2d4851a1d" />
    <TestEntry testId="57521b55-f446-6cd1-938d-ba5a81a4fb4e" executionId="f83532a5-2ab5-4464-a9eb-bf3d8a35cc28" testListId="8c84fa94-04c1-424b-9868-57a2d4851a1d" />
    <TestEntry testId="6d72a000-e903-5eca-d336-c200c4de939e" executionId="d80b8de6-763f-4ddb-a89c-c17a4cbbec5a" testListId="8c84fa94-04c1-424b-9868-57a2d4851a1d" />
    <TestEntry testId="782e652d-e922-f359-9073-cda5999464a2" executionId="cee98483-bcbc-43c4-b070-b533cc7744bc" testListId="8c84fa94-04c1-424b-9868-57a2d4851a1d" />
    <TestEntry testId="7d73b749-caab-e6d5-4f18-b091b735eaf9" executionId="4f711486-9b88-478a-a937-eba3bbb87731" testListId="8c84fa94-04c1-424b-9868-57a2d4851a1d" />
    <TestEntry testId="7fd6b53c-d1f1-6438-f3ff-81fa9832251d" executionId="6213e238-666f-492a-96ef-4788798f14a5" testListId="8c84fa94-04c1-424b-9868-57a2d4851a1d" />
    <TestEntry testId="92f7474c-225f-05f0-dfa4-ee40fcfa7451" executionId="6f53a502-9b1f-464c-845b-e69f1bc0f37a" testListId="8c84fa94-04c1-424b-9868-57a2d4851a1d" />
    <TestEntry testId="9313acb3-e3eb-a552-445a-cb15b0e2a581" executionId="44b62b14-4953-4f58-89dd-eb119fa1f887" testListId="8c84fa94-04c1-424b-9868-57a2d4851a1d" />
    <TestEntry testId="9de6179a-2421-2df9-3d87-87e30f14865a" executionId="d0e30ca8-934b-4a0a-a7f7-4961a610de24" testListId="8c84fa94-04c1-424b-9868-57a2d4851a1d" />
    <TestEntry testId="a12e8fb3-d8ec-9963-ebde-344fe77d69ca" executionId="b082060a-2ae2-455b-8f9a-50c532c185d2" testListId="8c84fa94-04c1-424b-9868-57a2d4851a1d" />
    <TestEntry testId="b63e62ac-1cc6-139d-ebbb-bb82182c60c6" executionId="ca295238-1f54-4de0-968a-ca41c139cb42" testListId="8c84fa94-04c1-424b-9868-57a2d4851a1d" />
    <TestEntry testId="c8f31ecc-3d68-7a6e-51d5-a0e36beda29c" executionId="5f5f3730-4317-4b72-9950-68fe835f4b0e" testListId="8c84fa94-04c1-424b-9868-57a2d4851a1d" />
    <TestEntry testId="d229821d-9c2e-705a-779a-10d276b13d6f" executionId="0e1926da-fe33-49b5-8f94-1ad4e83e7896" testListId="8c84fa94-04c1-424b-9868-57a2d4851a1d" />
    <TestEntry testId="d84c2e1b-735c-26dc-8a6f-c0ab2500e43d" executionId="bd815d08-34b3-47ff-bfff-15428cbd5826" testListId="8c84fa94-04c1-424b-9868-57a2d4851a1d" />
    <TestEntry testId="d93f9376-86f9-e90b-df0d-92a619549f2d" executionId="284ffe7b-643d-4225-b644-4e97a4796bf1" testListId="8c84fa94-04c1-424b-9868-57a2d4851a1d" />
    <TestEntry testId="daf7d646-55c5-caaf-9e3b-413f09e9c48d" executionId="54c6986c-1b2d-4fbd-ac97-815467973cd0" testListId="8c84fa94-04c1-424b-9868-57a2d4851a1d" />
    <TestEntry testId="e4ce9011-ebad-5d7d-cf59-b8a9e7d0a211" executionId="d2691a61-083b-4953-9bd1-31b38ef8d343" testListId="8c84fa94-04c1-424b-9868-57a2d4851a1d" />
    <TestEntry testId="eb60d43c-4d81-dd95-84c2-86ad1500d8cd" executionId="71549a9b-5d2c-4f1d-8cef-63c19f8d1b22" testListId="8c84fa94-04c1-424b-9868-57a2d4851a1d" />
    <TestEntry testId="ebd1bbc9-d3f7-6d55-b3cf-4162e49dadb0" executionId="a8a62418-a79d-4860-8f71-151e5da2e0f7" testListId="8c84fa94-04c1-424b-9868-57a2d4851a1d" />
    <TestEntry testId="f836ec30-cb38-3828-5db6-5770315fafb3" executionId="2642d170-60d4-4205-a32c-4e37ab4d6c4a" testListId="8c84fa94-04c1-424b-9868-57a2d4851a1d" />
  </TestEntries>
  <Results>
    <UnitTestResult executionId="945fbec9-185c-4e5f-8334-b6520220281b" testId="08cf38cc-8a4d-00d1-38c6-764833236ab2" testName="Add_New_Lines" computerName="WS-CPN" duration="00:00:00.6357695" startTime="2015-12-11T16:45:41.8367401+03:00" endTime="2015-12-11T16:45:43.1492317+03:00" testType="13cdc9d9-ddb5-4fa4-a97d-d965ccfc6d4b" outcome="Passed" testListId="8c84fa94-04c1-424b-9868-57a2d4851a1d" relativeResultsDirectory="945fbec9-185c-4e5f-8334-b6520220281b">
    </UnitTestResult>
    <UnitTestResult executionId="f18bb40f-bda7-40b4-9f6a-90fbef98c5b0" testId="0c5ee4a4-1b10-3b59-3b24-f8cf406f718f" testName="Cannot_Login_With_Invalid_Credentials" computerName="WS-CPN" duration="00:00:00.1208946" startTime="2015-12-11T16:45:43.1648566+03:00" endTime="2015-12-11T16:45:43.2898558+03:00" testType="13cdc9d9-ddb5-4fa4-a97d-d965ccfc6d4b" outcome="Passed" testListId="8c84fa94-04c1-424b-9868-57a2d4851a1d" relativeResultsDirectory="f18bb40f-bda7-40b4-9f6a-90fbef98c5b0">
    </UnitTestResult>
    <UnitTestResult executionId="b4e2ca8d-ff3c-48c7-8728-792cafba51b7" testId="17935485-d416-06b4-e527-da304b28a2e4" testName="Clear_Content_Storage" computerName="WS-CPN" duration="00:00:00.0391295" startTime="2015-12-11T16:45:43.2898558+03:00" endTime="2015-12-11T16:45:43.3211056+03:00" testType="13cdc9d9-ddb5-4fa4-a97d-d965ccfc6d4b" outcome="Passed" testListId="8c84fa94-04c1-424b-9868-57a2d4851a1d" relativeResultsDirectory="b4e2ca8d-ff3c-48c7-8728-792cafba51b7">
    </UnitTestResult>
    <UnitTestResult executionId="ffc0a60d-faa7-43c1-add8-440d261a3b53" testId="1e5a77fc-9bc3-3877-016a-aeea0ef8256f" testName="Pagination_Dinamic_Calculation" computerName="WS-CPN" duration="00:00:00.5103909" startTime="2015-12-11T16:45:43.3367305+03:00" endTime="2015-12-11T16:45:43.8367273+03:00" testType="13cdc9d9-ddb5-4fa4-a97d-d965ccfc6d4b" outcome="Passed" testListId="8c84fa94-04c1-424b-9868-57a2d4851a1d" relativeResultsDirectory="ffc0a60d-faa7-43c1-add8-440d261a3b53">
    </UnitTestResult>
    <UnitTestResult executionId="e78c3aec-ed26-41be-8cae-ed4fd48b850f" testId="22c967dc-77c2-504c-1939-8aa38f9b6a8c" testName="LeftOuterJoin" computerName="WS-CPN" duration="00:00:00.1710595" startTime="2015-12-11T16:45:43.8367273+03:00" endTime="2015-12-11T16:45:44.0242261+03:00" testType="13cdc9d9-ddb5-4fa4-a97d-d965ccfc6d4b" outcome="Passed" testListId="8c84fa94-04c1-424b-9868-57a2d4851a1d" relativeResultsDirectory="e78c3aec-ed26-41be-8cae-ed4fd48b850f">
    </UnitTestResult>
    <UnitTestResult executionId="f308241b-c7e8-4717-883b-42db540d74a9" testId="24aee700-f0df-b274-e932-68723af95b0c" testName="Cannot_Edit_Nonexistent_StorageLine" computerName="WS-CPN" duration="00:00:00.0039895" startTime="2015-12-11T16:45:44.0242261+03:00" endTime="2015-12-11T16:45:44.0242261+03:00" testType="13cdc9d9-ddb5-4fa4-a97d-d965ccfc6d4b" outcome="Passed" testListId="8c84fa94-04c1-424b-9868-57a2d4851a1d" relativeResultsDirectory="f308241b-c7e8-4717-883b-42db540d74a9">
    </UnitTestResult>
    <UnitTestResult executionId="f4e78de2-cefc-44f2-a9e9-35b982ff2834" testId="28e1f2e9-4777-42a7-2f36-2229357bc3d8" testName="Autocomplete" computerName="WS-CPN" duration="00:00:00.0721625" startTime="2015-12-11T16:45:44.0242261+03:00" endTime="2015-12-11T16:45:44.1023506+03:00" testType="13cdc9d9-ddb5-4fa4-a97d-d965ccfc6d4b" outcome="Passed" testListId="8c84fa94-04c1-424b-9868-57a2d4851a1d" relativeResultsDirectory="f4e78de2-cefc-44f2-a9e9-35b982ff2834">
    </UnitTestResult>
    <UnitTestResult executionId="d678722e-e76e-4c52-9486-0f3dcf7c0bd3" testId="2dc0c031-6756-3a33-e603-f273b9de1f20" testName="Can_Paginate" computerName="WS-CPN" duration="00:00:00.0103556" startTime="2015-12-11T16:45:44.1023506+03:00" endTime="2015-12-11T16:45:44.1179755+03:00" testType="13cdc9d9-ddb5-4fa4-a97d-d965ccfc6d4b" outcome="Passed" testListId="8c84fa94-04c1-424b-9868-57a2d4851a1d" relativeResultsDirectory="d678722e-e76e-4c52-9486-0f3dcf7c0bd3">
    </UnitTestResult>
    <UnitTestResult executionId="cec8e81e-962b-4cdd-add8-986046bd5642" testId="40816b71-68b4-5d6c-6b8a-5734b995fe5e" testName="DeleteUser" computerName="WS-CPN" duration="00:00:00.0304735" startTime="2015-12-11T16:45:44.1179755+03:00" endTime="2015-12-11T16:45:44.1492253+03:00" testType="13cdc9d9-ddb5-4fa4-a97d-d965ccfc6d4b" outcome="Passed" testListId="8c84fa94-04c1-424b-9868-57a2d4851a1d" relativeResultsDirectory="cec8e81e-962b-4cdd-add8-986046bd5642">
    </UnitTestResult>
    <UnitTestResult executionId="15a7a5b5-ea4d-4960-8a2c-d9bb74605eb8" testId="46edb262-d94b-812e-33fc-b63f3b3809d8" testName="FilterByDate" computerName="WS-CPN" duration="00:00:00.0016812" startTime="2015-12-11T16:45:44.1648502+03:00" endTime="2015-12-11T16:45:44.1648502+03:00" testType="13cdc9d9-ddb5-4fa4-a97d-d965ccfc6d4b" outcome="Passed" testListId="8c84fa94-04c1-424b-9868-57a2d4851a1d" relativeResultsDirectory="15a7a5b5-ea4d-4960-8a2c-d9bb74605eb8">
    </UnitTestResult>
    <UnitTestResult executionId="6eaa59e6-70e5-4b98-8632-5185dc41d235" testId="4b56107a-f89c-def6-0e95-87595beb12a7" testName="Can_Login_With_Valid_Credentials" computerName="WS-CPN" duration="00:00:00.2261810" startTime="2015-12-11T16:45:44.1648502+03:00" endTime="2015-12-11T16:45:44.3992237+03:00" testType="13cdc9d9-ddb5-4fa4-a97d-d965ccfc6d4b" outcome="Failed" testListId="8c84fa94-04c1-424b-9868-57a2d4851a1d" relativeResultsDirectory="6eaa59e6-70e5-4b98-8632-5185dc41d235">
      <Output>
        <ErrorInfo>
          <Message>Метод проверки NaftanRailway.UnitTest.Tests.AdminSecurityTests.Can_Login_With_Valid_Credentials выдал исключение: System.NullReferenceException: Ссылка на объект не указывает на экземпляр объекта..</Message>
          <StackTrace>    в NaftanRailway.WebUI.Controllers.AccountController.Login(LoginViewModel model, String returnUrl) в C:\Documents and Settings\user\Рабочий стол\1\1\NaftanRailway\NaftanRailway\NaftanRailway\NaftanRailway.WebUI\Controllers\AccountController.cs:строка 26
   в NaftanRailway.UnitTest.Tests.AdminSecurityTests.Can_Login_With_Valid_Credentials() в C:\Documents and Settings\user\Рабочий стол\1\1\NaftanRailway\NaftanRailway\NaftanRailway\NaftanRailway.UnitTest\Tests\AdminSecurityTests.cs:строка 31
</StackTrace>
        </ErrorInfo>
      </Output>
    </UnitTestResult>
    <UnitTestResult executionId="02fa33a6-3503-47fd-8d3e-bfd8c6aaabb4" testId="54b2661e-396e-b4db-e708-cf03ffa6b2e4" testName="Register" computerName="WS-CPN" duration="00:00:00.0103669" startTime="2015-12-11T16:45:44.3992237+03:00" endTime="2015-12-11T16:45:44.4148486+03:00" testType="13cdc9d9-ddb5-4fa4-a97d-d965ccfc6d4b" outcome="Failed" testListId="8c84fa94-04c1-424b-9868-57a2d4851a1d" relativeResultsDirectory="02fa33a6-3503-47fd-8d3e-bfd8c6aaabb4">
      <Output>
        <ErrorInfo>
          <Message>Метод проверки NaftanRailway.UnitTest.Tests.AdminSecurityTests.Register выдал исключение: System.NullReferenceException: Ссылка на объект не указывает на экземпляр объекта..</Message>
          <StackTrace>    в NaftanRailway.WebUI.Controllers.AccountController.Register(RegistrationViewModel model) в C:\Documents and Settings\user\Рабочий стол\1\1\NaftanRailway\NaftanRailway\NaftanRailway\NaftanRailway.WebUI\Controllers\AccountController.cs:строка 48
   в NaftanRailway.UnitTest.Tests.AdminSecurityTests.Register() в C:\Documents and Settings\user\Рабочий стол\1\1\NaftanRailway\NaftanRailway\NaftanRailway\NaftanRailway.UnitTest\Tests\AdminSecurityTests.cs:строка 109
</StackTrace>
        </ErrorInfo>
      </Output>
    </UnitTestResult>
    <UnitTestResult executionId="f83532a5-2ab5-4464-a9eb-bf3d8a35cc28" testId="57521b55-f446-6cd1-938d-ba5a81a4fb4e" testName="Remove_Line" computerName="WS-CPN" duration="00:00:00.0171984" startTime="2015-12-11T16:45:44.4148486+03:00" endTime="2015-12-11T16:45:44.4304735+03:00" testType="13cdc9d9-ddb5-4fa4-a97d-d965ccfc6d4b" outcome="Passed" testListId="8c84fa94-04c1-424b-9868-57a2d4851a1d" relativeResultsDirectory="f83532a5-2ab5-4464-a9eb-bf3d8a35cc28">
    </UnitTestResult>
    <UnitTestResult executionId="d80b8de6-763f-4ddb-a89c-c17a4cbbec5a" testId="6d72a000-e903-5eca-d336-c200c4de939e" testName="Can_View_SessionStorageContent_Contents" computerName="WS-CPN" duration="00:00:00.0014130" startTime="2015-12-11T16:45:44.4304735+03:00" endTime="2015-12-11T16:45:44.4460984+03:00" testType="13cdc9d9-ddb5-4fa4-a97d-d965ccfc6d4b" outcome="Passed" testListId="8c84fa94-04c1-424b-9868-57a2d4851a1d" relativeResultsDirectory="d80b8de6-763f-4ddb-a89c-c17a4cbbec5a">
    </UnitTestResult>
    <UnitTestResult executionId="cee98483-bcbc-43c4-b070-b533cc7744bc" testId="782e652d-e922-f359-9073-cda5999464a2" testName="Cannot_Render_Empty_Storage" computerName="WS-CPN" duration="00:00:00.0001277" startTime="2015-12-11T16:45:44.4460984+03:00" endTime="2015-12-11T16:45:44.4460984+03:00" testType="13cdc9d9-ddb5-4fa4-a97d-d965ccfc6d4b" outcome="Passed" testListId="8c84fa94-04c1-424b-9868-57a2d4851a1d" relativeResultsDirectory="cee98483-bcbc-43c4-b070-b533cc7744bc">
    </UnitTestResult>
    <UnitTestResult executionId="4f711486-9b88-478a-a937-eba3bbb87731" testId="7d73b749-caab-e6d5-4f18-b091b735eaf9" testName="Can_Create_Categories" computerName="WS-CPN" duration="00:00:00.2475788" startTime="2015-12-11T16:45:44.4460984+03:00" endTime="2015-12-11T16:45:44.6960968+03:00" testType="13cdc9d9-ddb5-4fa4-a97d-d965ccfc6d4b" outcome="Passed" testListId="8c84fa94-04c1-424b-9868-57a2d4851a1d" relativeResultsDirectory="4f711486-9b88-478a-a937-eba3bbb87731">
    </UnitTestResult>
    <UnitTestResult executionId="6213e238-666f-492a-96ef-4788798f14a5" testId="7fd6b53c-d1f1-6438-f3ff-81fa9832251d" testName="FilterShippingNumber" computerName="WS-CPN" duration="00:00:00.0007785" startTime="2015-12-11T16:45:44.6960968+03:00" endTime="2015-12-11T16:45:44.7117217+03:00" testType="13cdc9d9-ddb5-4fa4-a97d-d965ccfc6d4b" outcome="Passed" testListId="8c84fa94-04c1-424b-9868-57a2d4851a1d" relativeResultsDirectory="6213e238-666f-492a-96ef-4788798f14a5">
    </UnitTestResult>
    <UnitTestResult executionId="6f53a502-9b1f-464c-845b-e69f1bc0f37a" testId="92f7474c-225f-05f0-dfa4-ee40fcfa7451" testName="Can_Send_Pagination_View_Model" computerName="WS-CPN" duration="00:00:00.0073317" startTime="2015-12-11T16:45:44.7117217+03:00" endTime="2015-12-11T16:45:44.7117217+03:00" testType="13cdc9d9-ddb5-4fa4-a97d-d965ccfc6d4b" outcome="Passed" testListId="8c84fa94-04c1-424b-9868-57a2d4851a1d" relativeResultsDirectory="6f53a502-9b1f-464c-845b-e69f1bc0f37a">
    </UnitTestResult>
    <UnitTestResult executionId="44b62b14-4953-4f58-89dd-eb119fa1f887" testId="9313acb3-e3eb-a552-445a-cb15b0e2a581" testName="Logout" computerName="WS-CPN" duration="00:00:00.0030849" startTime="2015-12-11T16:45:44.7117217+03:00" endTime="2015-12-11T16:45:44.7273466+03:00" testType="13cdc9d9-ddb5-4fa4-a97d-d965ccfc6d4b" outcome="Failed" testListId="8c84fa94-04c1-424b-9868-57a2d4851a1d" relativeResultsDirectory="44b62b14-4953-4f58-89dd-eb119fa1f887">
      <Output>
        <ErrorInfo>
          <Message>Метод проверки NaftanRailway.UnitTest.Tests.AdminSecurityTests.Logout выдал исключение: System.NullReferenceException: Ссылка на объект не указывает на экземпляр объекта..</Message>
          <StackTrace>    в NaftanRailway.WebUI.Controllers.AccountController.Logout() в C:\Documents and Settings\user\Рабочий стол\1\1\NaftanRailway\NaftanRailway\NaftanRailway\NaftanRailway.WebUI\Controllers\AccountController.cs:строка 68
   в NaftanRailway.UnitTest.Tests.AdminSecurityTests.Logout() в C:\Documents and Settings\user\Рабочий стол\1\1\NaftanRailway\NaftanRailway\NaftanRailway\NaftanRailway.UnitTest\Tests\AdminSecurityTests.cs:строка 69
</StackTrace>
        </ErrorInfo>
      </Output>
    </UnitTestResult>
    <UnitTestResult executionId="d0e30ca8-934b-4a0a-a7f7-4961a610de24" testId="9de6179a-2421-2df9-3d87-87e30f14865a" testName="GenerateFilterDate" computerName="WS-CPN" duration="00:00:00.0004869" startTime="2015-12-11T16:45:44.7273466+03:00" endTime="2015-12-11T16:45:44.7273466+03:00" testType="13cdc9d9-ddb5-4fa4-a97d-d965ccfc6d4b" outcome="Passed" testListId="8c84fa94-04c1-424b-9868-57a2d4851a1d" relativeResultsDirectory="d0e30ca8-934b-4a0a-a7f7-4961a610de24">
    </UnitTestResult>
    <UnitTestResult executionId="b082060a-2ae2-455b-8f9a-50c532c185d2" testId="a12e8fb3-d8ec-9963-ebde-344fe77d69ca" testName="Can_Render_Report" computerName="WS-CPN" duration="00:00:00.0000962" startTime="2015-12-11T16:45:44.7273466+03:00" endTime="2015-12-11T16:45:44.7429715+03:00" testType="13cdc9d9-ddb5-4fa4-a97d-d965ccfc6d4b" outcome="Passed" testListId="8c84fa94-04c1-424b-9868-57a2d4851a1d" relativeResultsDirectory="b082060a-2ae2-455b-8f9a-50c532c185d2">
    </UnitTestResult>
    <UnitTestResult executionId="ca295238-1f54-4de0-968a-ca41c139cb42" testId="b63e62ac-1cc6-139d-ebbb-bb82182c60c6" testName="ChangePassword" computerName="WS-CPN" duration="00:00:00.0001033" startTime="2015-12-11T16:45:44.7429715+03:00" endTime="2015-12-11T16:45:44.7429715+03:00" testType="13cdc9d9-ddb5-4fa4-a97d-d965ccfc6d4b" outcome="Passed" testListId="8c84fa94-04c1-424b-9868-57a2d4851a1d" relativeResultsDirectory="ca295238-1f54-4de0-968a-ca41c139cb42">
    </UnitTestResult>
    <UnitTestResult executionId="5f5f3730-4317-4b72-9950-68fe835f4b0e" testId="c8f31ecc-3d68-7a6e-51d5-a0e36beda29c" testName="StorageController_Add_New_Lines" computerName="WS-CPN" duration="00:00:00.0212364" startTime="2015-12-11T16:45:44.7429715+03:00" endTime="2015-12-11T16:45:44.7585964+03:00" testType="13cdc9d9-ddb5-4fa4-a97d-d965ccfc6d4b" outcome="Passed" testListId="8c84fa94-04c1-424b-9868-57a2d4851a1d" relativeResultsDirectory="5f5f3730-4317-4b72-9950-68fe835f4b0e">
    </UnitTestResult>
    <UnitTestResult executionId="0e1926da-fe33-49b5-8f94-1ad4e83e7896" testId="d229821d-9c2e-705a-779a-10d276b13d6f" testName="ChangeRole" computerName="WS-CPN" duration="00:00:00.0000927" startTime="2015-12-11T16:45:44.7742213+03:00" endTime="2015-12-11T16:45:44.7742213+03:00" testType="13cdc9d9-ddb5-4fa4-a97d-d965ccfc6d4b" outcome="Passed" testListId="8c84fa94-04c1-424b-9868-57a2d4851a1d" relativeResultsDirectory="0e1926da-fe33-49b5-8f94-1ad4e83e7896">
    </UnitTestResult>
    <UnitTestResult executionId="bd815d08-34b3-47ff-bfff-15428cbd5826" testId="d84c2e1b-735c-26dc-8a6f-c0ab2500e43d" testName="Can_Generate_Page_Links" computerName="WS-CPN" duration="00:00:00.0005988" startTime="2015-12-11T16:45:44.7742213+03:00" endTime="2015-12-11T16:45:44.7742213+03:00" testType="13cdc9d9-ddb5-4fa4-a97d-d965ccfc6d4b" outcome="Passed" testListId="8c84fa94-04c1-424b-9868-57a2d4851a1d" relativeResultsDirectory="bd815d08-34b3-47ff-bfff-15428cbd5826">
    </UnitTestResult>
    <UnitTestResult executionId="284ffe7b-643d-4225-b644-4e97a4796bf1" testId="d93f9376-86f9-e90b-df0d-92a619549f2d" testName="Generate_Category_Specific_Shipping_Count" computerName="WS-CPN" duration="00:00:00.0112684" startTime="2015-12-11T16:45:44.7742213+03:00" endTime="2015-12-11T16:45:44.7898462+03:00" testType="13cdc9d9-ddb5-4fa4-a97d-d965ccfc6d4b" outcome="Passed" testListId="8c84fa94-04c1-424b-9868-57a2d4851a1d" relativeResultsDirectory="284ffe7b-643d-4225-b644-4e97a4796bf1">
    </UnitTestResult>
    <UnitTestResult executionId="54c6986c-1b2d-4fbd-ac97-815467973cd0" testId="daf7d646-55c5-caaf-9e3b-413f09e9c48d" testName="FilterCategoryOperations" computerName="WS-CPN" duration="00:00:00.0133552" startTime="2015-12-11T16:45:44.7898462+03:00" endTime="2015-12-11T16:45:44.8054711+03:00" testType="13cdc9d9-ddb5-4fa4-a97d-d965ccfc6d4b" outcome="Passed" testListId="8c84fa94-04c1-424b-9868-57a2d4851a1d" relativeResultsDirectory="54c6986c-1b2d-4fbd-ac97-815467973cd0">
    </UnitTestResult>
    <UnitTestResult executionId="d2691a61-083b-4953-9bd1-31b38ef8d343" testId="e4ce9011-ebad-5d7d-cf59-b8a9e7d0a211" testName="Indicates_Selected_Category" computerName="WS-CPN" duration="00:00:00.0157013" startTime="2015-12-11T16:45:44.8054711+03:00" endTime="2015-12-11T16:45:44.8367209+03:00" testType="13cdc9d9-ddb5-4fa4-a97d-d965ccfc6d4b" outcome="Passed" testListId="8c84fa94-04c1-424b-9868-57a2d4851a1d" relativeResultsDirectory="d2691a61-083b-4953-9bd1-31b38ef8d343">
    </UnitTestResult>
    <UnitTestResult executionId="71549a9b-5d2c-4f1d-8cef-63c19f8d1b22" testId="eb60d43c-4d81-dd95-84c2-86ad1500d8cd" testName="Date_Numbers_Menu" computerName="WS-CPN" duration="00:00:00.0020492" startTime="2015-12-11T16:45:44.8367209+03:00" endTime="2015-12-11T16:45:44.8367209+03:00" testType="13cdc9d9-ddb5-4fa4-a97d-d965ccfc6d4b" outcome="Passed" testListId="8c84fa94-04c1-424b-9868-57a2d4851a1d" relativeResultsDirectory="71549a9b-5d2c-4f1d-8cef-63c19f8d1b22">
    </UnitTestResult>
    <UnitTestResult executionId="a8a62418-a79d-4860-8f71-151e5da2e0f7" testId="ebd1bbc9-d3f7-6d55-b3cf-4162e49dadb0" testName="Edit_Post" computerName="WS-CPN" duration="00:00:00.0128347" startTime="2015-12-11T16:45:44.8367209+03:00" endTime="2015-12-11T16:45:44.8679707+03:00" testType="13cdc9d9-ddb5-4fa4-a97d-d965ccfc6d4b" outcome="Passed" testListId="8c84fa94-04c1-424b-9868-57a2d4851a1d" relativeResultsDirectory="a8a62418-a79d-4860-8f71-151e5da2e0f7">
    </UnitTestResult>
    <UnitTestResult executionId="2642d170-60d4-4205-a32c-4e37ab4d6c4a" testId="f836ec30-cb38-3828-5db6-5770315fafb3" testName="Can_Edit_StorageLine" computerName="WS-CPN" duration="00:00:00.0014453" startTime="2015-12-11T16:45:44.8679707+03:00" endTime="2015-12-11T16:45:44.8679707+03:00" testType="13cdc9d9-ddb5-4fa4-a97d-d965ccfc6d4b" outcome="Passed" testListId="8c84fa94-04c1-424b-9868-57a2d4851a1d" relativeResultsDirectory="2642d170-60d4-4205-a32c-4e37ab4d6c4a">
    </UnitTestResult>
  </Results>
</TestRun>